// Jest Snapshot v1, https://goo.gl/fbAQLP

exports[`<DataGeneratorLayout /> Renders correctly 1`] = `
<Fragment>
  <h3
    className="text-center"
  >
    User Data File Generator
  </h3>
  <PanelOptionsGroup
    title="Generate New File"
  >
    <PanelOptionsGroup>
      <div
        className="gf-form"
      >
        <FormLabel
          width={6}
        >
          Species
        </FormLabel>
        <Select
          autoFocus={false}
          backspaceRemovesValue={true}
          className=""
          components={
            Object {
              "Group": [Function],
              "IndicatorsContainer": [Function],
              "MenuList": [Function],
              "Option": [Function],
              "SingleValue": [Function],
            }
          }
          isClearable={false}
          isDisabled={false}
          isLoading={false}
          isMulti={true}
          isSearchable={true}
          maxMenuHeight={300}
          onChange={[Function]}
          openMenuOnFocus={false}
          options={
            Array [
              Object {
                "label": "All",
                "value": "All",
              },
            ]
          }
          tabSelectsValue={true}
        />
      </div>
    </PanelOptionsGroup>
    <PanelOptionsGroup>
      <div
        className="gf-form"
      >
        <FormLabel
          width={6}
        >
          Analyzer
        </FormLabel>
        <Select
          autoFocus={false}
          backspaceRemovesValue={true}
          className=""
          components={
            Object {
              "Group": [Function],
              "IndicatorsContainer": [Function],
              "MenuList": [Function],
              "Option": [Function],
              "SingleValue": [Function],
            }
          }
          isClearable={false}
          isDisabled={false}
          isLoading={false}
          isMulti={true}
          isSearchable={true}
          maxMenuHeight={300}
          onChange={[Function]}
          openMenuOnFocus={false}
          options={
            Array [
              Object {
                "label": "All",
                "value": "All",
              },
            ]
          }
          tabSelectsValue={true}
        />
      </div>
    </PanelOptionsGroup>
    <PanelOptionsGroup>
      <div
        className="gf-form"
      >
        <FormLabel
          width={6}
        >
          Port
        </FormLabel>
        <Select
          autoFocus={false}
          backspaceRemovesValue={true}
          className=""
          components={
            Object {
              "Group": [Function],
              "IndicatorsContainer": [Function],
              "MenuList": [Function],
              "Option": [Function],
              "SingleValue": [Function],
            }
          }
          isClearable={false}
          isDisabled={false}
          isLoading={false}
          isMulti={true}
          isSearchable={true}
          maxMenuHeight={300}
          onChange={[Function]}
          openMenuOnFocus={false}
          options={
            Array [
              Object {
                "label": "All",
                "value": "All",
              },
            ]
          }
          tabSelectsValue={true}
        />
      </div>
    </PanelOptionsGroup>
    <PanelOptionsGroup>
      <div
        className="time-generate-btn"
      >
        <div
          className="gf-form time-picker-container"
        >
          <FormLabel
            width={7}
          >
            Time Range
          </FormLabel>
          <TimePicker
            onChange={[Function]}
            onMoveBackward={[Function]}
            onMoveForward={[Function]}
            onZoom={[Function]}
            selectOptions={
              Array [
                Object {
                  "display": "Last 5 minutes",
                  "from": "now-5m",
                  "section": 3,
                  "to": "now",
                },
                Object {
                  "display": "Last 15 minutes",
                  "from": "now-15m",
                  "section": 3,
                  "to": "now",
                },
                Object {
                  "display": "Last 30 minutes",
                  "from": "now-30m",
                  "section": 3,
                  "to": "now",
                },
                Object {
                  "display": "Last 1 hour",
                  "from": "now-1h",
                  "section": 3,
                  "to": "now",
                },
                Object {
                  "display": "Last 3 hours",
                  "from": "now-3h",
                  "section": 3,
                  "to": "now",
                },
                Object {
                  "display": "Last 6 hours",
                  "from": "now-6h",
                  "section": 3,
                  "to": "now",
                },
                Object {
                  "display": "Last 12 hours",
                  "from": "now-12h",
                  "section": 3,
                  "to": "now",
                },
                Object {
                  "display": "Last 24 hours",
                  "from": "now-24h",
                  "section": 3,
                  "to": "now",
                },
              ]
            }
            timeZone="browser"
            value={
              Object {
                "from": "2020-02-11T14:31:13.973Z",
                "raw": Object {
                  "from": "now-6h",
                  "to": "now",
                },
                "to": "2020-02-11T20:31:13.973Z",
              }
            }
          />
          <div
            className="gf-form col-md-1"
          >
            <Button
              disabled={true}
              onClick={[Function]}
              size="md"
              value="Generate"
              variant="primary"
            >
              Generate
            </Button>
          </div>
        </div>
      </div>
    </PanelOptionsGroup>
  </PanelOptionsGroup>
  <PanelOptionsGroup
    title="Recently Generated Files"
  >
    <div
      className="row"
      style={
        Object {
          "height": "inherit",
          "overflow": "scroll !important",
        }
      }
    >
      <div
        className="gf-form col-md-12 col-sm-12"
      >
        <ul
          id="file-list"
          style={
            Object {
              "listStyle": "none",
            }
          }
        />
      </div>
    </div>
  </PanelOptionsGroup>
</Fragment>
`;
