// Jest Snapshot v1, https://goo.gl/fbAQLP

exports[`<EditForm /> Renders correctly 1`] = `
<div
  className="panel-plan-inner"
>
  <div
    className="gf-form-group"
  >
    <div
      className="row"
    >
      <label
        className="edit-label"
      >
         Bank 
        1
      </label>
      <input
        className="col-sm-6 edit-input"
        maxLength={14}
        name="bank1"
        onChange={[Function]}
        type="text"
        value="Bank 1"
      />
    </div>
    <div
      className="row"
    >
      <label
        className="edit-label"
      >
         Channel 1 
      </label>
      <input
        className="col-sm-6 edit-input"
        maxLength={8}
        name="bank11"
        onChange={[Function]}
        type="text"
        value="Ch. 1"
      />
    </div>
    <div
      className="row"
    >
      <label
        className="edit-label"
      >
         Channel 2 
      </label>
      <input
        className="col-sm-6 edit-input"
        maxLength={8}
        name="bank12"
        onChange={[Function]}
        type="text"
        value="Ch. 2"
      />
    </div>
    <div
      className="row"
    >
      <label
        className="edit-label"
      >
         Channel 3 
      </label>
      <input
        className="col-sm-6 edit-input"
        maxLength={8}
        name="bank13"
        onChange={[Function]}
        type="text"
        value="Ch. 3"
      />
    </div>
    <div
      className="row"
    >
      <label
        className="edit-label"
      >
         Channel 4 
      </label>
      <input
        className="col-sm-6 edit-input"
        maxLength={8}
        name="bank14"
        onChange={[Function]}
        type="text"
        value="Ch. 4"
      />
    </div>
    <div
      className="row"
    >
      <label
        className="edit-label"
      >
         Channel 5 
      </label>
      <input
        className="col-sm-6 edit-input"
        maxLength={8}
        name="bank15"
        onChange={[Function]}
        type="text"
        value="Ch. 5"
      />
    </div>
    <div
      className="row"
    >
      <label
        className="edit-label"
      >
         Channel 6 
      </label>
      <input
        className="col-sm-6 edit-input"
        maxLength={8}
        name="bank16"
        onChange={[Function]}
        type="text"
        value="Ch. 6"
      />
    </div>
    <div
      className="row"
    >
      <label
        className="edit-label"
      >
         Channel 7 
      </label>
      <input
        className="col-sm-6 edit-input"
        maxLength={8}
        name="bank17"
        onChange={[Function]}
        type="text"
        value="Ch. 7"
      />
    </div>
    <div
      className="row"
    >
      <label
        className="edit-label"
      >
         Channel 8 
      </label>
      <input
        className="col-sm-6 edit-input"
        maxLength={8}
        name="bank18"
        onChange={[Function]}
        type="text"
        value="Ch. 8"
      />
    </div>
  </div>
  <div
    className="gf-form-group"
  >
    <div
      className="row"
    >
      <label
        className="edit-label"
      >
         Bank 
        2
      </label>
      <input
        className="col-sm-6 edit-input"
        maxLength={14}
        name="bank2"
        onChange={[Function]}
        type="text"
        value="Bank 2"
      />
    </div>
    <div
      className="row"
    >
      <label
        className="edit-label"
      >
         Channel 1 
      </label>
      <input
        className="col-sm-6 edit-input"
        maxLength={8}
        name="bank21"
        onChange={[Function]}
        type="text"
        value="Ch. 1"
      />
    </div>
    <div
      className="row"
    >
      <label
        className="edit-label"
      >
         Channel 2 
      </label>
      <input
        className="col-sm-6 edit-input"
        maxLength={8}
        name="bank22"
        onChange={[Function]}
        type="text"
        value="Ch. 2"
      />
    </div>
    <div
      className="row"
    >
      <label
        className="edit-label"
      >
         Channel 3 
      </label>
      <input
        className="col-sm-6 edit-input"
        maxLength={8}
        name="bank23"
        onChange={[Function]}
        type="text"
        value="Ch. 3"
      />
    </div>
    <div
      className="row"
    >
      <label
        className="edit-label"
      >
         Channel 4 
      </label>
      <input
        className="col-sm-6 edit-input"
        maxLength={8}
        name="bank24"
        onChange={[Function]}
        type="text"
        value="Ch. 4"
      />
    </div>
    <div
      className="row"
    >
      <label
        className="edit-label"
      >
         Channel 5 
      </label>
      <input
        className="col-sm-6 edit-input"
        maxLength={8}
        name="bank25"
        onChange={[Function]}
        type="text"
        value="Ch. 5"
      />
    </div>
    <div
      className="row"
    >
      <label
        className="edit-label"
      >
         Channel 6 
      </label>
      <input
        className="col-sm-6 edit-input"
        maxLength={8}
        name="bank26"
        onChange={[Function]}
        type="text"
        value="Ch. 6"
      />
    </div>
    <div
      className="row"
    >
      <label
        className="edit-label"
      >
         Channel 7 
      </label>
      <input
        className="col-sm-6 edit-input"
        maxLength={8}
        name="bank27"
        onChange={[Function]}
        type="text"
        value="Ch. 7"
      />
    </div>
    <div
      className="row"
    >
      <label
        className="edit-label"
      >
         Channel 8 
      </label>
      <input
        className="col-sm-6 edit-input"
        maxLength={8}
        name="bank28"
        onChange={[Function]}
        type="text"
        value="Ch. 8"
      />
    </div>
  </div>
</div>
`;
